// Vitest Snapshot v1, https://vitest.dev/guide/snapshot.html

exports[`BaseNotification > スナップショットと一致する 1`] = `
"<transition-stub data-v-977bef85="" name="fade" appear="false" persisted="false" css="true">
  <!--v-if-->
</transition-stub>"
`;
